Somenewtextjus, Thisprogramisu, Everybodyhates, Helloit'smehow, Thereisonlyone, Thisonewon'two, Ithinkit'snota, Idon'tknowwhat