Some new text , This program i, Everybody hate, Hello it's me , There is only , This one won't, I think it's n, I don't know w