tjustfortests, misuseless, atesme, ehowareyou?, yonebuginthisprogram, 'tworkiftherewillbesomecommasintext, notabigproblem, whatelseIcouldwritehere