newte, progr, ybody, oit's, eison, onewo, nkit', 'tkno