Somenewtextjustfortests, Thisprogramisuseless, Everybodyhatesme, Helloit'smehowareyou?, Thereisonlyonebuginthisprogram, Thisonewon'tworkiftherewillbesomecommasintext, Ithinkit'snotabigproblem, Idon'tknowwhatelseIcouldwritehere