ext just for tests, am is useless, hates me,  me how are you?, nly one bug in this program, on't work if there will be some commas in text, 's not a big problem, ow what else I could write here