 new ,  prog, ybody, o it', e is ,  one , ink i, n't k